{
  "version": "1.5.0",
  "plugins_used": [
    {
      "name": "ArtifactoryDetector"
    },
    {
      "name": "AWSKeyDetector"
    },
    {
      "name": "AzureStorageKeyDetector"
    },
    {
      "name": "Base64HighEntropyString",
      "limit": 4.5
    },
    {
      "name": "BasicAuthDetector"
    },
    {
      "name": "CloudantDetector"
    },
    {
      "name": "DiscordBotTokenDetector"
    },
    {
      "name": "GitHubTokenDetector"
    },
    {
      "name": "GitLabTokenDetector"
    },
    {
      "name": "HexHighEntropyString",
      "limit": 3.0
    },
    {
      "name": "IbmCloudIamDetector"
    },
    {
      "name": "IbmCosHmacDetector"
    },
    {
      "name": "IPPublicDetector"
    },
    {
      "name": "JwtTokenDetector"
    },
    {
      "name": "KeywordDetector",
      "keyword_exclude": ""
    },
    {
      "name": "MailchimpDetector"
    },
    {
      "name": "NpmDetector"
    },
    {
      "name": "OpenAIDetector"
    },
    {
      "name": "PrivateKeyDetector"
    },
    {
      "name": "PypiTokenDetector"
    },
    {
      "name": "SendGridDetector"
    },
    {
      "name": "SlackDetector"
    },
    {
      "name": "SoftlayerDetector"
    },
    {
      "name": "SquareOAuthDetector"
    },
    {
      "name": "StripeDetector"
    },
    {
      "name": "TelegramBotTokenDetector"
    },
    {
      "name": "TwilioKeyDetector"
    }
  ],
  "filters_used": [
    {
      "path": "detect_secrets.filters.allowlist.is_line_allowlisted"
    },
    {
      "path": "detect_secrets.filters.common.is_ignored_due_to_verification_policies",
      "min_level": 2
    },
    {
      "path": "detect_secrets.filters.heuristic.is_indirect_reference"
    },
    {
      "path": "detect_secrets.filters.heuristic.is_likely_id_string"
    },
    {
      "path": "detect_secrets.filters.heuristic.is_lock_file"
    },
    {
      "path": "detect_secrets.filters.heuristic.is_not_alphanumeric_string"
    },
    {
      "path": "detect_secrets.filters.heuristic.is_potential_uuid"
    },
    {
      "path": "detect_secrets.filters.heuristic.is_prefixed_with_dollar_sign"
    },
    {
      "path": "detect_secrets.filters.heuristic.is_sequential_string"
    },
    {
      "path": "detect_secrets.filters.heuristic.is_swagger_file"
    },
    {
      "path": "detect_secrets.filters.heuristic.is_templated_secret"
    },
    {
      "path": "detect_secrets.filters.regex.should_exclude_file",
      "pattern": [
        "(^|/)(\\.git|node_modules|\\.venv|\\.ruff_cache|\\.mypy_cache|\\.pytest_cache|\\.secrets\\.baseline|uv\\.lock|bun\\.lock|frontend/openapi\\.json|frontend/src/client|frontend/dist|backend/app/frontend|backend/htmlcov|backend/coverage|frontend/playwright-report|test-results)(/|$)"
      ]
    }
  ],
  "results": {
    "backend/app/services/desk.py": [
      {
        "type": "Base64 High Entropy String",
        "filename": "backend/app/services/desk.py",
        "hashed_secret": "3ea6cf17f95e272933a3b927317b7210d1bac5d5",
        "is_verified": false,
        "line_number": 36
      }
    ],
    "backend/tests/api/routes/test_admin_staff.py": [
      {
        "type": "Secret Keyword",
        "filename": "backend/tests/api/routes/test_admin_staff.py",
        "hashed_secret": "69e478eab74590df38ff75995e79318d31383352",
        "is_verified": false,
        "line_number": 104
      },
      {
        "type": "Secret Keyword",
        "filename": "backend/tests/api/routes/test_admin_staff.py",
        "hashed_secret": "47638ad91e7be799ff4bfa2b0d2dc5db4b9e951c",
        "is_verified": false,
        "line_number": 165
      },
      {
        "type": "Secret Keyword",
        "filename": "backend/tests/api/routes/test_admin_staff.py",
        "hashed_secret": "0f7a72910efbfab675795c49d18928ff73aad7b2",
        "is_verified": false,
        "line_number": 171
      },
      {
        "type": "Secret Keyword",
        "filename": "backend/tests/api/routes/test_admin_staff.py",
        "hashed_secret": "b665f13319389ebb031956f0fbfae2b0541bfd06",
        "is_verified": false,
        "line_number": 323
      },
      {
        "type": "Secret Keyword",
        "filename": "backend/tests/api/routes/test_admin_staff.py",
        "hashed_secret": "a6b73c0d2bba612b4a7e51b9ac23b1a11492e3fe",
        "is_verified": false,
        "line_number": 335
      },
      {
        "type": "Secret Keyword",
        "filename": "backend/tests/api/routes/test_admin_staff.py",
        "hashed_secret": "4eced0d0409158a910e8fad388316715d7919e5e",
        "is_verified": false,
        "line_number": 507
      },
      {
        "type": "Secret Keyword",
        "filename": "backend/tests/api/routes/test_admin_staff.py",
        "hashed_secret": "3c7e78aee0803a402840ef5c12dbd3a1c2294876",
        "is_verified": false,
        "line_number": 508
      }
    ],
    "backend/tests/api/routes/test_login.py": [
      {
        "type": "Secret Keyword",
        "filename": "backend/tests/api/routes/test_login.py",
        "hashed_secret": "6c03ac0ea7241c3b2e2b7d54ff1db5f5539dc198",
        "is_verified": false,
        "line_number": 21
      },
      {
        "type": "Secret Keyword",
        "filename": "backend/tests/api/routes/test_login.py",
        "hashed_secret": "9091b3ff82235d9f00a4522d825fad2a1634d02f",
        "is_verified": false,
        "line_number": 36
      }
    ],
    "backend/tests/api/routes/test_users.py": [
      {
        "type": "Secret Keyword",
        "filename": "backend/tests/api/routes/test_users.py",
        "hashed_secret": "9091b3ff82235d9f00a4522d825fad2a1634d02f",
        "is_verified": false,
        "line_number": 20
      }
    ],
    "backend/tests/test_boundaries.py": [
      {
        "type": "Secret Keyword",
        "filename": "backend/tests/test_boundaries.py",
        "hashed_secret": "5887b574d3babae4a623d1326b7e57b3732de61b",
        "is_verified": false,
        "line_number": 264
      },
      {
        "type": "Secret Keyword",
        "filename": "backend/tests/test_boundaries.py",
        "hashed_secret": "e4c90098c4f2fe62b43076c4cc5ebde42806a4b8",
        "is_verified": false,
        "line_number": 265
      }
    ],
    "backend/tests/test_services.py": [
      {
        "type": "Secret Keyword",
        "filename": "backend/tests/test_services.py",
        "hashed_secret": "dbdab9be92cacdae6a97e8601332bfaa8545800f",
        "is_verified": false,
        "line_number": 74
      }
    ],
    "frontend/tests/tahr-desk.spec.ts": [
      {
        "type": "Base64 High Entropy String",
        "filename": "frontend/tests/tahr-desk.spec.ts",
        "hashed_secret": "8b9ae9f9cafe2c8e7c0c120c1c31e08f7e620340",
        "is_verified": false,
        "line_number": 7
      }
    ]
  },
  "generated_at": "2026-08-08T22:28:07Z"
}
